[debug] [2026-10-01T15:32:18.992Z] ----------------------------------------------------------------------
[debug] [2026-10-01T15:32:18.994Z] Command:       /Users/mdsunny/.nvm/versions/node/v24.11.0/bin/node /Users/mdsunny/.npm/_npx/7750544ccf494d8b/node_modules/.bin/firebase deploy --only hosting
[debug] [2026-10-01T15:32:18.994Z] CLI Version:   15.32.1
[debug] [2026-10-01T15:32:18.994Z] Platform:      darwin
[debug] [2026-10-01T15:32:18.994Z] Node Version:  v24.11.0
[debug] [2026-10-01T15:32:18.994Z] Detected Agent: antigravity
[debug] [2026-10-01T15:32:18.994Z] Time:          Thu Oct 01 2026 21:32:18 GMT+0600 (Bangladesh Standard Time)
[debug] [2026-10-01T15:32:18.994Z] ----------------------------------------------------------------------
[debug] 
[debug] [2026-10-01T15:32:19.690Z] > command requires scopes: ["email","openid","https://www.googleapis.com/auth/cloudplatformprojects.readonly","https://www.googleapis.com/auth/firebase","https://www.googleapis.com/auth/cloud-platform"]
[debug] [2026-10-01T15:32:19.690Z] > authorizing via signed-in user (lovedetox.org@gmail.com)
[debug] [2026-10-01T15:32:19.690Z] [iam] checking project maabestnetwork for permissions ["firebase.projects.get","firebasehosting.sites.update"]
[debug] [2026-10-01T15:32:19.696Z] Checked if tokens are valid: true, expires at: 1790870984723
[debug] [2026-10-01T15:32:19.696Z] Checked if tokens are valid: true, expires at: 1790870984723
[debug] [2026-10-01T15:32:19.696Z] >>> [apiv2][query] POST https://cloudresourcemanager.googleapis.com/v1/projects/maabestnetwork:testIamPermissions [none]
[debug] [2026-10-01T15:32:19.696Z] >>> [apiv2][(partial)header] POST https://cloudresourcemanager.googleapis.com/v1/projects/maabestnetwork:testIamPermissions  x-goog-user-project=maabestnetwork
[debug] [2026-10-01T15:32:19.696Z] >>> [apiv2][body] POST https://cloudresourcemanager.googleapis.com/v1/projects/maabestnetwork:testIamPermissions {"permissions":["firebase.projects.get","firebasehosting.sites.update"]}
[debug] [2026-10-01T15:32:21.229Z] <<< [apiv2][status] POST https://cloudresourcemanager.googleapis.com/v1/projects/maabestnetwork:testIamPermissions 200
[debug] [2026-10-01T15:32:21.229Z] <<< [apiv2][body] POST https://cloudresourcemanager.googleapis.com/v1/projects/maabestnetwork:testIamPermissions {"permissions":["firebase.projects.get","firebasehosting.sites.update"]}
[debug] [2026-10-01T15:32:21.230Z] Checked if tokens are valid: true, expires at: 1790870984723
[debug] [2026-10-01T15:32:21.230Z] Checked if tokens are valid: true, expires at: 1790870984723
[debug] [2026-10-01T15:32:21.231Z] >>> [apiv2][query] GET https://firebase.googleapis.com/v1beta1/projects/maabestnetwork [none]
[debug] [2026-10-01T15:32:22.052Z] <<< [apiv2][status] GET https://firebase.googleapis.com/v1beta1/projects/maabestnetwork 200
[debug] [2026-10-01T15:32:22.053Z] <<< [apiv2][body] GET https://firebase.googleapis.com/v1beta1/projects/maabestnetwork {"projectId":"maabestnetwork","projectNumber":"443601022531","displayName":"maabestnetwork","name":"projects/maabestnetwork","resources":{"hostingSite":"maabestnetwork"},"state":"ACTIVE","labels":{"firebase":"enabled"},"etag":"1_371fa348-f965-468e-8ee2-1ce3672c255a"}
[info] 
[info] === Deploying to 'maabestnetwork'...
[info] 
[info] i  deploying hosting 
[debug] [2026-10-01T15:32:22.057Z] Checked if tokens are valid: true, expires at: 1790870984723
[debug] [2026-10-01T15:32:22.057Z] Checked if tokens are valid: true, expires at: 1790870984723
[debug] [2026-10-01T15:32:22.057Z] >>> [apiv2][query] GET https://firebasehosting.googleapis.com/v1beta1/projects/maabestnetwork/sites/maabestnetwork [none]
[debug] [2026-10-01T15:32:23.415Z] <<< [apiv2][status] GET https://firebasehosting.googleapis.com/v1beta1/projects/maabestnetwork/sites/maabestnetwork 200
[debug] [2026-10-01T15:32:23.415Z] <<< [apiv2][body] GET https://firebasehosting.googleapis.com/v1beta1/projects/maabestnetwork/sites/maabestnetwork {"name":"projects/maabestnetwork/sites/maabestnetwork","defaultUrl":"https://maabestnetwork.web.app","appId":"1:443601022531:web:ad104bc44cf8f6538aaef6","type":"DEFAULT_SITE"}
[debug] [2026-10-01T15:32:23.418Z] Checked if tokens are valid: true, expires at: 1790870984723
[debug] [2026-10-01T15:32:23.418Z] Checked if tokens are valid: true, expires at: 1790870984723
[debug] [2026-10-01T15:32:23.419Z] >>> [apiv2][query] POST https://firebasehosting.googleapis.com/v1beta1/projects/-/sites/maabestnetwork/versions [none]
[debug] [2026-10-01T15:32:23.419Z] >>> [apiv2][body] POST https://firebasehosting.googleapis.com/v1beta1/projects/-/sites/maabestnetwork/versions {"status":"CREATED","labels":{"deployment-tool":"cli-firebase"}}
[debug] [2026-10-01T15:32:24.699Z] <<< [apiv2][status] POST https://firebasehosting.googleapis.com/v1beta1/projects/-/sites/maabestnetwork/versions 200
[debug] [2026-10-01T15:32:24.699Z] <<< [apiv2][body] POST https://firebasehosting.googleapis.com/v1beta1/projects/-/sites/maabestnetwork/versions {"name":"projects/443601022531/sites/maabestnetwork/versions/129bda96bf9f6174","status":"CREATED","config":{},"labels":{"deployment-tool":"cli-firebase"}}
[info] i  hosting[maabestnetwork]: beginning deploy... 
[info] i  hosting[maabestnetwork]: found 15 files in dist 
[debug] [2026-10-01T15:32:24.719Z] [hosting] uploading with 200 concurrency
[debug] [2026-10-01T15:32:24.815Z] Checked if tokens are valid: true, expires at: 1790870984723
[debug] [2026-10-01T15:32:24.816Z] Checked if tokens are valid: true, expires at: 1790870984723
[debug] [2026-10-01T15:32:24.816Z] [hosting] hash cache [ZGlzdA] stored for 15 files
[debug] [2026-10-01T15:32:24.816Z] [hosting][hash queue][FINAL] {"max":91,"min":8,"avg":29.8,"active":0,"complete":15,"success":15,"errored":0,"retried":0,"total":15,"elapsed":95}
[debug] [2026-10-01T15:32:24.816Z] >>> [apiv2][query] POST https://firebasehosting.googleapis.com/v1beta1/projects/443601022531/sites/maabestnetwork/versions/129bda96bf9f6174:populateFiles [none]
[debug] [2026-10-01T15:32:24.816Z] >>> [apiv2][body] POST https://firebasehosting.googleapis.com/v1beta1/projects/443601022531/sites/maabestnetwork/versions/129bda96bf9f6174:populateFiles {"files":{"/index.html":"0654f9561b798103b0fd5ffc8975d7ab0158df4f465be96707e54a06725a77ee","/favicon/site.webmanifest":"5d366d961efdf7a80ac3ab4a43ed7adaaf35d8da6d280c155934059d6f4d2413","/favicon/favicon.ico":"f8813fb52f5e8afd77de334ee7240622c96a966763f80ff6d15e8f59b3945cae","/favicon/favicon-96x96.png":"397c2e198b2241f3118a2c99483bc48b536210b3b13d37bd48b8e9f1970066cc","/favicon/web-app-manifest-192x192.png":"cdae376cd9fac6ee962894ac5fd07b9274abe5c895a6c2576542d640d246447f","/favicon/apple-touch-icon.png":"e37c6c565b951554bfd186e0538541e72ea506de55b65de19e1f59c7d09d8564","/Client_List_1-9-2026_58e6ca.xlsx":"87454ec6b30ce8dd08c04401f6e084e35f6d3485038135cdda525f6159941ccc","/Billing_List_1-9-2026.xlsx":"f3403bcd8b50b85e8ca5207d4c85ae0398d705707c2f31d3bba6933873666aec","/assets/index-DJKmAkcQ.css":"c9283d1ea7315e2cec7766a689badf19ca96427d55c5ad652a516308bdfd8f39","/favicon/web-app-manifest-512x512.png":"ddbb1641d45c6b1573f9625f93294375b6101d22c8f4f8ca23dddf9ebe30c7c0","/maabestnwtwork.png":"758cc1a1a7ce9b86419353e34aad09e4dfc46880ae75f535f9ad641623de005b","/maabestnetwork.png":"758cc1a1a7ce9b86419353e34aad09e4dfc46880ae75f535f9ad641623de005b","/whitelogo.png":"6d1da92116fd468212e4290061be7f992b52a09501e08ee9cc8fdb95da69f5c4","/favicon/favicon.svg":"051dcb1536cbc427b69e5af49455832a4a4974a4815d566b2410117d67898c66","/assets/index-CDRl-jNb.js":"10c1e9928efa6dd5ac6190111ef6a81f79dd55df91506dd4b424fef6b95e3de8"}}
[debug] [2026-10-01T15:32:26.508Z] <<< [apiv2][status] POST https://firebasehosting.googleapis.com/v1beta1/projects/443601022531/sites/maabestnetwork/versions/129bda96bf9f6174:populateFiles 200
[debug] [2026-10-01T15:32:26.508Z] <<< [apiv2][body] POST https://firebasehosting.googleapis.com/v1beta1/projects/443601022531/sites/maabestnetwork/versions/129bda96bf9f6174:populateFiles {"uploadRequiredHashes":["0654f9561b798103b0fd5ffc8975d7ab0158df4f465be96707e54a06725a77ee","10c1e9928efa6dd5ac6190111ef6a81f79dd55df91506dd4b424fef6b95e3de8"],"uploadUrl":"https://upload-firebasehosting.googleapis.com/upload/sites/maabestnetwork/versions/129bda96bf9f6174/files"}
[debug] [2026-10-01T15:32:26.510Z] Checked if tokens are valid: true, expires at: 1790870984723
[debug] [2026-10-01T15:32:26.510Z] Checked if tokens are valid: true, expires at: 1790870984723
[debug] [2026-10-01T15:32:26.510Z] Checked if tokens are valid: true, expires at: 1790870984723
[debug] [2026-10-01T15:32:26.510Z] Checked if tokens are valid: true, expires at: 1790870984723
[debug] [2026-10-01T15:32:26.510Z] >>> [apiv2][query] POST https://upload-firebasehosting.googleapis.com/upload/sites/maabestnetwork/versions/129bda96bf9f6174/files/0654f9561b798103b0fd5ffc8975d7ab0158df4f465be96707e54a06725a77ee [none]
[debug] [2026-10-01T15:32:26.511Z] >>> [apiv2][body] POST https://upload-firebasehosting.googleapis.com/upload/sites/maabestnetwork/versions/129bda96bf9f6174/files/0654f9561b798103b0fd5ffc8975d7ab0158df4f465be96707e54a06725a77ee [stream]
[debug] [2026-10-01T15:32:26.513Z] >>> [apiv2][query] POST https://upload-firebasehosting.googleapis.com/upload/sites/maabestnetwork/versions/129bda96bf9f6174/files/10c1e9928efa6dd5ac6190111ef6a81f79dd55df91506dd4b424fef6b95e3de8 [none]
[debug] [2026-10-01T15:32:26.513Z] >>> [apiv2][body] POST https://upload-firebasehosting.googleapis.com/upload/sites/maabestnetwork/versions/129bda96bf9f6174/files/10c1e9928efa6dd5ac6190111ef6a81f79dd55df91506dd4b424fef6b95e3de8 [stream]
[debug] [2026-10-01T15:32:26.516Z] [hosting][populate queue][FINAL] {"max":1695,"min":1695,"avg":1695,"active":0,"complete":1,"success":1,"errored":0,"retried":0,"total":1,"elapsed":1701}
[debug] [2026-10-01T15:32:26.516Z] [hosting] uploads queued: 2
[info] i  hosting: uploading new files [0/2] (0%) 
[info] i  hosting: uploading new files [0/2] (0%) 
[debug] [2026-10-01T15:32:29.277Z] <<< [apiv2][status] POST https://upload-firebasehosting.googleapis.com/upload/sites/maabestnetwork/versions/129bda96bf9f6174/files/0654f9561b798103b0fd5ffc8975d7ab0158df4f465be96707e54a06725a77ee 200
[debug] [2026-10-01T15:32:29.277Z] <<< [apiv2][body] POST https://upload-firebasehosting.googleapis.com/upload/sites/maabestnetwork/versions/129bda96bf9f6174/files/0654f9561b798103b0fd5ffc8975d7ab0158df4f465be96707e54a06725a77ee [stream]
[info] i  hosting: uploading new files [1/2] (50%) 
[info] i  hosting: uploading new files [1/2] (50%) 
[info] i  hosting: uploading new files [1/2] (50%) 
[info] i  hosting: uploading new files [1/2] (50%) 
[debug] [2026-10-01T15:32:37.913Z] <<< [apiv2][status] POST https://upload-firebasehosting.googleapis.com/upload/sites/maabestnetwork/versions/129bda96bf9f6174/files/10c1e9928efa6dd5ac6190111ef6a81f79dd55df91506dd4b424fef6b95e3de8 200
[debug] [2026-10-01T15:32:37.913Z] <<< [apiv2][body] POST https://upload-firebasehosting.googleapis.com/upload/sites/maabestnetwork/versions/129bda96bf9f6174/files/10c1e9928efa6dd5ac6190111ef6a81f79dd55df91506dd4b424fef6b95e3de8 [stream]
[debug] [2026-10-01T15:32:37.913Z] [hosting][upload queue][FINAL] {"max":11403,"min":2768,"avg":7085.5,"active":0,"complete":2,"success":2,"errored":0,"retried":0,"total":2,"elapsed":11404}
[info] i  hosting: upload complete 
[info] ✔  hosting[maabestnetwork]: file upload complete 
[debug] [2026-10-01T15:32:37.914Z] [hosting] deploy completed after 13210ms
[debug] [2026-10-01T15:32:37.914Z] [
  {
    "config": {
      "public": "dist",
      "ignore": [
        "firebase.json",
        "**/.*",
        "**/node_modules/**"
      ],
      "headers": [
        {
          "source": "**/*.@(js|css)",
          "headers": [
            {
              "key": "Cache-Control",
              "value": "public, max-age=31536000, immutable"
            }
          ]
        },
        {
          "source": "**/*.@(html|json)",
          "headers": [
            {
              "key": "Cache-Control",
              "value": "no-cache, no-store, must-revalidate"
            }
          ]
        }
      ],
      "rewrites": [
        {
          "source": "!/assets/**",
          "destination": "/index.html"
        }
      ],
      "site": "maabestnetwork"
    },
    "version": "projects/443601022531/sites/maabestnetwork/versions/129bda96bf9f6174"
  }
]
[info] i  hosting[maabestnetwork]: finalizing version... 
[debug] [2026-10-01T15:32:37.916Z] Checked if tokens are valid: true, expires at: 1790870984723
[debug] [2026-10-01T15:32:37.917Z] Checked if tokens are valid: true, expires at: 1790870984723
[debug] [2026-10-01T15:32:37.917Z] >>> [apiv2][query] PATCH https://firebasehosting.googleapis.com/v1beta1/projects/-/sites/maabestnetwork/versions/129bda96bf9f6174 updateMask=status%2Cconfig
[debug] [2026-10-01T15:32:37.917Z] >>> [apiv2][body] PATCH https://firebasehosting.googleapis.com/v1beta1/projects/-/sites/maabestnetwork/versions/129bda96bf9f6174 {"status":"FINALIZED","config":{"rewrites":[{"glob":"!/assets/**","path":"/index.html"}],"headers":[{"glob":"**/*.@(js|css)","headers":{"Cache-Control":"public, max-age=31536000, immutable"}},{"glob":"**/*.@(html|json)","headers":{"Cache-Control":"no-cache, no-store, must-revalidate"}}]}}
